// Jest Snapshot v1, https://goo.gl/fbAQLP

exports[`<Accordion /> opens and closes the <Accordion /> component 1`] = `
<div
  class="accordion__Container-l3iym9-0 inwkwi"
>
  <div
    class="accordion__Inner-l3iym9-2 hRXtCm"
  >
    <h1
      class="accordion__Title-l3iym9-6 bIispY"
    >
      Frequently Asked Questions
    </h1>
    <div
      class="accordion__Frame-l3iym9-1 lhGwav"
    >
      <div
        class="accordion__Item-l3iym9-3 NePaa"
      >
        <div
          class="accordion__Header-l3iym9-4 BscwS"
        >
          What is Netflix?
          <img
            alt="Open"
            src="/images/icons/add.png"
          />
        </div>
      </div>
      <div
        class="accordion__Item-l3iym9-3 NePaa"
      >
        <div
          class="accordion__Header-l3iym9-4 BscwS"
        >
          How much does Netflix cost?
          <img
            alt="Open"
            src="/images/icons/add.png"
          />
        </div>
      </div>
      <div
        class="accordion__Item-l3iym9-3 NePaa"
      >
        <div
          class="accordion__Header-l3iym9-4 BscwS"
        >
          Where can I watch?
          <img
            alt="Open"
            src="/images/icons/add.png"
          />
        </div>
      </div>
      <div
        class="accordion__Item-l3iym9-3 NePaa"
      >
        <div
          class="accordion__Header-l3iym9-4 BscwS"
        >
          How do I cancel?
          <img
            alt="Open"
            src="/images/icons/add.png"
          />
        </div>
      </div>
      <div
        class="accordion__Item-l3iym9-3 NePaa"
      >
        <div
          class="accordion__Header-l3iym9-4 BscwS"
        >
          What can I watch on Netflix?
          <img
            alt="Open"
            src="/images/icons/add.png"
          />
        </div>
      </div>
    </div>
  </div>
</div>
`;

exports[`<Accordion /> renders the <Accordion /> with populated data 1`] = `
<div
  class="accordion__Container-l3iym9-0 inwkwi"
>
  <div
    class="accordion__Inner-l3iym9-2 hRXtCm"
  >
    <h1
      class="accordion__Title-l3iym9-6 bIispY"
    >
      Frequently Asked Questions
    </h1>
    <div
      class="accordion__Frame-l3iym9-1 lhGwav"
    >
      <div
        class="accordion__Item-l3iym9-3 NePaa"
      >
        <div
          class="accordion__Header-l3iym9-4 BscwS"
        >
          What is Netflix?
          <img
            alt="Open"
            src="/images/icons/add.png"
          />
        </div>
      </div>
      <div
        class="accordion__Item-l3iym9-3 NePaa"
      >
        <div
          class="accordion__Header-l3iym9-4 BscwS"
        >
          How much does Netflix cost?
          <img
            alt="Open"
            src="/images/icons/add.png"
          />
        </div>
      </div>
      <div
        class="accordion__Item-l3iym9-3 NePaa"
      >
        <div
          class="accordion__Header-l3iym9-4 BscwS"
        >
          Where can I watch?
          <img
            alt="Open"
            src="/images/icons/add.png"
          />
        </div>
      </div>
      <div
        class="accordion__Item-l3iym9-3 NePaa"
      >
        <div
          class="accordion__Header-l3iym9-4 BscwS"
        >
          How do I cancel?
          <img
            alt="Open"
            src="/images/icons/add.png"
          />
        </div>
      </div>
      <div
        class="accordion__Item-l3iym9-3 NePaa"
      >
        <div
          class="accordion__Header-l3iym9-4 BscwS"
        >
          What can I watch on Netflix?
          <img
            alt="Open"
            src="/images/icons/add.png"
          />
        </div>
      </div>
    </div>
  </div>
</div>
`;
